[2025-08-06 20:34:47] CONNECTION: Conexión establecida | Params: []
[2025-08-06 20:34:47] QUERY: SELECT VERSION() as version | Params: []
[2025-08-06 20:34:47] QUERY: SELECT DATABASE() as database_name | Params: []
[2025-08-06 20:34:47] QUERY: SELECT COUNT(*) as total FROM usuarios_admin | Params: []
[2025-08-06 20:34:47] QUERY: SELECT id FROM usuarios_admin WHERE usuario = 'test_user' | Params: []
[2025-08-06 20:34:47] QUERY: INSERT INTO usuarios_admin (usuario, password_hash, nombre_completo, email, rol, activo) VALUES (?, ?, ?, ?, ?, ?) | Params: ["test_user","$2y$10$kgNI8H3gZiAI5.a4SAkXTuk0O8dL6l0VM\/RPd0PdvYkv6L6Om4XAy","Usuario de Prueba","test@example.com","viewer",1]
[2025-08-06 20:34:48] QUERY: UPDATE usuarios_admin SET nombre_completo = ? WHERE usuario = ? | Params: ["Usuario de Prueba Actualizado","test_user"]
[2025-08-06 20:34:48] QUERY: DELETE FROM usuarios_admin WHERE usuario = ? | Params: ["test_user"]
[2025-08-06 20:34:48] QUERY: INSERT INTO usuarios_admin (usuario, password_hash, nombre_completo, email, rol, activo) VALUES (?, ?, ?, ?, ?, ?) | Params: ["trans_test","$2y$10$SVkwSEqxOhHaaHfvqb0jdO2JJRicr7J9PfMT7v2LLn.E31dPy\/YwG","Usuario Transacci\u00f3n","trans@example.com","viewer",1]
[2025-08-06 20:34:48] QUERY: SELECT * FROM usuarios_admin WHERE id = ? | Params: ["4"]
[2025-08-06 20:34:48] QUERY: SELECT COUNT(*) as total FROM usuarios_admin | Params: []
[2025-08-06 20:34:48] QUERY: SELECT usuario, nombre_completo FROM usuarios_admin LIMIT 5 | Params: []
[2025-08-06 20:36:22] CONNECTION: Conexión establecida | Params: []
[2025-08-06 20:36:22] QUERY: SELECT VERSION() as version | Params: []
[2025-08-06 20:36:22] QUERY: SELECT DATABASE() as database_name | Params: []
[2025-08-06 20:36:22] QUERY: SELECT COUNT(*) as total FROM usuarios_admin | Params: []
[2025-08-06 20:36:22] QUERY: SELECT id FROM usuarios_admin WHERE usuario = 'test_user' | Params: []
[2025-08-06 20:36:22] QUERY: INSERT INTO usuarios_admin (usuario, password_hash, nombre_completo, email, rol, activo) VALUES (?, ?, ?, ?, ?, ?) | Params: ["test_user","$2y$10$dCrt.satUUiBWhFdSNqTlOTpw\/JwN71J\/nm8G6mZ03qw5jH6ut5mS","Usuario de Prueba","test@example.com","viewer",1]
[2025-08-06 20:36:22] QUERY: UPDATE usuarios_admin SET nombre_completo = ? WHERE usuario = ? | Params: ["Usuario de Prueba Actualizado","test_user"]
[2025-08-06 20:36:22] QUERY: DELETE FROM usuarios_admin WHERE usuario = ? | Params: ["test_user"]
[2025-08-06 20:36:22] QUERY: INSERT INTO usuarios_admin (usuario, password_hash, nombre_completo, email, rol, activo) VALUES (?, ?, ?, ?, ?, ?) | Params: ["trans_test","$2y$10$rnMgo3zbejXlMgr16WOUc.dazM30DRFdwyrnXGJbdyzJVwla8lcMe","Usuario Transacci\u00f3n","trans@example.com","viewer",1]
[2025-08-06 20:36:22] QUERY: SELECT * FROM usuarios_admin WHERE id = ? | Params: ["6"]
[2025-08-06 20:36:23] QUERY: SELECT COUNT(*) as total FROM usuarios_admin | Params: []
[2025-08-06 20:36:23] QUERY: SELECT usuario, nombre_completo FROM usuarios_admin LIMIT 5 | Params: []
[2025-08-06 20:45:34] CONNECTION: Conexión establecida | Params: []
[2025-08-06 20:45:34] QUERY: SELECT VERSION() as version | Params: []
[2025-08-06 20:45:34] QUERY: SELECT DATABASE() as database_name | Params: []
[2025-08-06 20:45:34] QUERY: SELECT COUNT(*) as total FROM usuarios_admin | Params: []
[2025-08-06 20:45:34] QUERY: SELECT id FROM usuarios_admin WHERE usuario = 'test_user' | Params: []
[2025-08-06 20:45:35] QUERY: INSERT INTO usuarios_admin (usuario, password_hash, nombre_completo, email, rol, activo) VALUES (?, ?, ?, ?, ?, ?) | Params: ["test_user","$2y$10$VhmQuXT6WpUpprkX7Iyqm.ESezzF\/7cXvrCLofIOIUImlKemTWYh2","Usuario de Prueba","test@example.com","viewer",1]
[2025-08-06 20:45:36] QUERY: UPDATE usuarios_admin SET nombre_completo = ? WHERE usuario = ? | Params: ["Usuario de Prueba Actualizado","test_user"]
[2025-08-06 20:45:37] QUERY: DELETE FROM usuarios_admin WHERE usuario = ? | Params: ["test_user"]
[2025-08-06 20:45:37] QUERY: INSERT INTO usuarios_admin (usuario, password_hash, nombre_completo, email, rol, activo) VALUES (?, ?, ?, ?, ?, ?) | Params: ["trans_test","$2y$10$UwqzRbQnljGfuLNqYN2BKOkqCaxOHj0\/YsPq.T8BiCTbktfedXBvC","Usuario Transacci\u00f3n","trans@example.com","viewer",1]
[2025-08-06 20:45:37] QUERY: SELECT * FROM usuarios_admin WHERE id = ? | Params: ["8"]
[2025-08-06 20:45:37] QUERY: SELECT COUNT(*) as total FROM usuarios_admin | Params: []
[2025-08-06 20:45:37] QUERY: SELECT usuario, nombre_completo FROM usuarios_admin LIMIT 5 | Params: []
[2025-08-08 15:05:08] CONNECTION: Conexión establecida | Params: []
[2025-08-08 15:08:59] CONNECTION: Conexión establecida | Params: []
[2025-08-08 15:09:01] CONNECTION: Conexión establecida | Params: []
[2025-08-10 19:00:56] CONNECTION: Conexión establecida | Params: []
[2025-08-10 19:01:01] CONNECTION: Conexión establecida | Params: []
[2025-08-10 19:01:03] CONNECTION: Conexión establecida | Params: []
[2025-08-10 19:01:15] CONNECTION: Conexión establecida | Params: []
[2025-08-10 21:05:43] CONNECTION: Conexión establecida | Params: []
[2025-08-10 21:54:31] CONNECTION: Conexión establecida | Params: []
[2025-08-12 14:49:32] CONNECTION: Conexión establecida | Params: []
[2025-08-12 14:49:34] CONNECTION: Conexión establecida | Params: []
[2025-08-12 14:52:41] CONNECTION: Conexión establecida | Params: []
